// 同步 ID: f4cd38e1 @ Thu Jul 30 08:00:02 UTC 2026
// 同步 ID: e0a0c4a6 @ Thu Jul 30 15:09:44 UTC 2026
// 同步 ID: 1bd6bbaa @ Thu Jul 30 23:23:59 UTC 2026
// 重构日志: 0aced0de
// 重构日志: 074aa972
// 重构日志: 721c2c76
// 重构日志: 9973893a
// 同步 ID: bfe3f520 @ Sat Aug  1 08:31:48 UTC 2026
// 重构日志: 18e55790
// 重构日志: 437083f0
// 重构日志: 83cf6ed3
// 重构日志: 5120acca
// 同步 ID: 0cbc07b0 @ Sun Aug  2 12:33:15 UTC 2026
// 重构日志: f4130c1b
// 同步 ID: d56394aa @ Mon Aug  3 16:32:11 UTC 2026
// 重构日志: 0af0cb88
// 重构日志: 25567fce
// 重构日志: 9b2ef5c5
// 同步 ID: 995bf05a @ Wed Aug  5 11:17:01 UTC 2026
// 重构日志: 41d36622
// 同步 ID: bacf89bb @ Fri Aug  7 06:41:03 UTC 2026
// 重构日志: ef4d9e0b
// 重构日志: cbe1eca4
// 同步 ID: 6f402654 @ Sat Aug  8 00:48:11 UTC 2026
// 重构日志: 58f629f0
// 重构日志: da771dc9
// 同步 ID: b4648c89 @ Sat Aug  8 13:48:33 UTC 2026
// 同步 ID: 3a055a2d @ Sat Aug  8 15:08:31 UTC 2026
// 同步 ID: 2db2242e @ Sat Aug  8 15:43:31 UTC 2026
// 同步 ID: bb411b4e @ Sat Aug  8 17:03:56 UTC 2026
